// Jest Snapshot v1, https://goo.gl/fbAQLP

exports[`CurrentWeather component tests snapshot with default data 1`] = `
<div
  class="current-weather "
  data-testid="current-weather"
>
  <p
    class="current-weather__temperature"
  >
    0°
  </p>
  <p
    class="current-weather__status"
  >
    ясно
  </p>
</div>
`;

exports[`CurrentWeather component tests snapshot with mock text 1`] = `
<div
  class="current-weather "
  data-testid="current-weather"
>
  <p
    class="current-weather__temperature"
  >
    13°
  </p>
  <p
    class="current-weather__status"
  >
    ясно
  </p>
</div>
`;
